[www.clay-fingers.com/index.html]
[cubroid.com/index.html]
[backblue.gif]
[fade.gif]
[index.html]
[cubroid.com/eng/apple-icon-180x180.png]
[cubroid.com/eng/android-icon-192x192.png]
[cubroid.com/eng/favicon-32x32.png]
[cubroid.com/eng/favicon-96x96.png]
[cubroid.com/eng/favicon-16x16.png]
[cubroid.com/eng/css/flexslider.css]
[cubroid.com/eng/css/bootstrap.min.css]
[cubroid.com/eng/css/jquery.fancybox.css]
[cubroid.com/eng/lib/jqueryPlugin-waitMe/waitMe.min.css]
[cubroid.com/eng/css/responsive.css]
[cubroid.com/eng/css/animate.min.css]
[cubroid.com/eng/css/main.css]
[cubroid.com/eng/images/logo.png]
[maxcdn.bootstrapcdn.com/font-awesome/4.4.0/css/font-awesome.min.css]
[cubroid.com/eng/images/feature_icon1.png]
[cubroid.com/ko/index.html]
[cubroid.com/eng/images/feature_icon2.png]
[cubroid.com/eng/images/feature_icon3.png]
[cubroid.com/eng/images/feature_icon4.png]
[cubroid.com/eng/images/feature_icon5.png]
[cubroid.com/eng/images/feature_icon6.png]
[cubroid.com/images/work-1.jpg]
[cubroid.com/eng/images/work-1.jpg]
[cubroid.com/images/work-2.jpg]
[cubroid.com/eng/images/work-2.jpg]
[cubroid.com/images/work-3.jpg]
[cubroid.com/eng/images/work-3.jpg]
[cubroid.com/images/work-4.1b.delayed]
[cubroid.com/eng/images/work-4.jpg]
[cubroid.com/eng/images/press_logo1.png]
[cubroid.com/eng/images/press_logo2.png]
[cubroid.com/eng/images/press_logo3.png]
[cubroid.com/eng/images/press_logo4.png]
[cubroid.com/eng/images/press_logo5.png]
[cubroid.com/eng/images/press_logo6.png]
[cubroid.com/eng/images/press_logo7.png]
[cubroid.com/eng/images/press_logo8.png]
[cubroid.com/eng/images/press_logo9.png]
[cubroid.com/eng/images/press_logo10.png]
[cubroid.com/eng/images/press_logo11.png]
[cubroid.com/eng/images/press_logo12.png]
[cubroid.com/eng/images/press_logo13.png]
[cubroid.com/eng/images/press_logo14.png]
[cubroid.com/eng/images/press_logo15.png]
[cubroid.com/eng/images/press_logo16.png]
[cubroid.com/eng/images/introducing.jpg]
[cubroid.com/eng/images/coding-app.jpg]
[cubroid.com/eng/images/control-app.jpg]
[cubroid.com/eng/images/coding-app2.jpg]
[cubroid.com/eng/images/control-app2.jpg]
[cubroid.com/eng/images/scratch-mode.jpg]
[cubroid.com/eng/images/lego-compatible.jpg]
[cubroid.com/eng/images/lego-compatible-m.jpg]
[cubroid.com/eng/images/lego-ani.gif]
[cubroid.com/eng/images/lego-ani3.gif]
[cubroid.com/eng/images/master-block.jpg]
[cubroid.com/eng/images/master-block-m.jpg]
[cubroid.com/eng/images/dc-led-block.jpg]
[cubroid.com/eng/images/dc-led-block-m.jpg]
[cubroid.com/eng/images/light-touch-block.jpg]
[cubroid.com/eng/images/light-touch-block-m.jpg]
[cubroid.com/eng/images/sound-proximity-block.jpg]
[cubroid.com/eng/images/sound-proximity-block-m.jpg]
[cubroid.com/eng/images/block-spec.jpg]
[cubroid.com/eng/images/block-spec-m.jpg]
[cubroid.com/eng/images/team-1.jpg]
[cubroid.com/eng/images/team-2.jpg]
[cubroid.com/eng/images/team-3.jpg]
[cubroid.com/eng/images/team-4.jpg]
[cubroid.com/eng/images/team-5.jpg]
[cubroid.com/eng/images/team-6.jpg]
[cubroid.com/eng/images/team-7.jpg]
[cubroid.com/eng/images/team-8.jpg]
[cubroid.com/eng/images/email-popup-img.jpg]
[cubroid.com/eng/images/btn_close.png]
[ajax.googleapis.com/ajax/libs/jquery/1.11.3/jquery.min.js]
[cubroid.com/eng/js/jquery.min.js]
[cubroid.com/eng/js/bootstrap.min.js]
[cubroid.com/eng/js/jquery.flexslider-min.js]
[cubroid.com/eng/js/jquery.waypoints.min.js]
[cubroid.com/eng/js/jquery.fancybox.pack.js]
[cubroid.com/eng/lib/jqueryPlugin-waitMe/waitMe.min.js]
[cubroid.com/eng/js/retina.min.js]
[cubroid.com/index.html]
[cubroid.com/eng/js/main.js]
[cubroid.com/eng/js/modernizr.js]
[www.imagoapp.co.kr/js/jquery.min.js]
[www.imagoapp.co.kr/index.html]
[www.imagoapp.co.kr/js/bootstrap.min.js]
[www.clay-fingers.com/uploads/1/1/3/5/113569667/untitled-1_orig.png]
[www.clay-fingers.com/uploads/1/1/3/5/113569667/untitled1_10_orig.gif]
[www.clay-fingers.com/uploads/1/1/3/5/113569667/app_orig.gif]
[www.clay-fingers.com/uploads/1/1/3/5/113569667/sh_orig.gif]
[clayfingers.000webhostapp.com/shapeit_logo.svg]
[www.clay-fingers.com/uploads/1/1/3/5/113569667/edited/1-7_2.png]
[www.clay-fingers.com/uploads/1/1/3/5/113569667/untitled1-3_3_orig.gif]
[www.clay-fingers.com/uploads/1/1/3/5/113569667/edited/1-7_3.png]
[www.clay-fingers.com/uploads/1/1/3/5/113569667/ss_8_orig.gif]
[cdn2.editmysite.com/css/sites8c31.css]
[cdn2.editmysite.com/css/old/fancybox794b.css]
[cdn2.editmysite.com/css/social-iconsfe58.css]
[fonts.googleapis.com/cssa1a9.css]
[fonts.googleapis.com/css30e8.css]
[fonts.googleapis.com/css0217.css]
[fonts.googleapis.com/css5be3.css]
[www.clay-fingers.com/uploads/1/1/3/5/113569667/background-images/1177546391.jpg]
[cdn2.editmysite.com/js/lang/en/stl4520.js]
[cdn2.editmysite.com/js/site/main8c31.js]
[cdn2.editmysite.com/js/site/theme-plugins8c31.js]
[www.google.com/recaptcha/api.js]
[www.clay-fingers.com/uploads/1/1/3/5/113569667/logo_5.png]
[www.clay-fingers.com/about-us.html]
[www.clay-fingers.com/contact.html]
[ajax.googleapis.com/ajax/libs/jquery/1.8.3/jquery.min.js]
[www.clay-fingers.com/news.html]
[www.clay-fingers.com/uploads/1/1/3/5/113569667/published/1-7_4.png]
[www.clay-fingers.com/uploads/1/1/3/5/113569667/modeling-recipe_2_orig.gif]
[www.clay-fingers.com/uploads/1/1/3/5/113569667/111_4_orig.png]
[clayfingers.000webhostapp.com/EASY MAKING_black.svg]
[clayfingers.000webhostapp.com/STORYTELLING_black.svg]
[www.clay-fingers.com/uploads/1/1/3/5/113569667/s_orig.png]
[www.clay-fingers.com/uploads/1/1/3/5/113569667/22_orig.png]
[clayfingers.000webhostapp.com/claytoon.svg]
[www.clay-fingers.com/uploads/1/1/3/5/113569667/ef_1_orig.png]
[clayfingers.000webhostapp.com/claymation.svg]
[www.clay-fingers.com/uploads/1/1/3/5/113569667/untitled-7_2_orig.png]
[www.clay-fingers.com/uploads/1/1/3/5/113569667/untitled-7_3.png]
[www.clay-fingers.com/uploads/1/1/3/5/113569667/aa_1_orig.gif]
[www.clay-fingers.com/uploads/1/1/3/5/113569667/sss_orig.gif]
[www.clay-fingers.com/uploads/1/1/3/5/113569667/aa_7_orig.png]
[www.clay-fingers.com/uploads/1/1/3/5/113569667/clay-academy_orig.gif]
[www.clay-fingers.com/uploads/1/1/3/5/113569667/aa_8_orig.png]
[www.clay-fingers.com/uploads/1/1/3/5/113569667/summercamp_orig.gif]
[www.clay-fingers.com/uploads/1/1/3/5/113569667/aa_9_orig.png]
[www.clay-fingers.com/uploads/1/1/3/5/113569667/character-company_orig.gif]
[www.clay-fingers.com/uploads/1/1/3/5/113569667/aa_10_orig.png]
[www.clay-fingers.com/uploads/1/1/3/5/113569667/airlines_orig.gif]
[www.clay-fingers.com/uploads/1/1/3/5/113569667/aa_11_orig.png]
[www.clay-fingers.com/uploads/1/1/3/5/113569667/hospital_orig.gif]
[www.clay-fingers.com/uploads/1/1/3/5/113569667/aa_12_orig.png]
[www.clay-fingers.com/uploads/1/1/3/5/113569667/clay-story-set_orig.jpg]
[clayfingers.000webhostapp.com/google-play-badge.svg]
[www.clay-fingers.com/files/theme/plugins1191.js]
[clayfingers.000webhostapp.com/Appstore -badge.svg]
[www.clay-fingers.com/files/theme/custom1191.js]
[cdn2.editmysite.com/js/wsnbn/snowday262.js]
[secure.quantserve.com/quant.js]
[pixel.quantserve.com/pixel/p-0dYLvhSGGqUWo3a32.gif]
[www.clay-fingers.com/index.html]
[www.cubroid.com/index.html]
[www.cubroid.com/ko/assets/images/cubroid_logo.png]
[www.cubroid.com/ko/assets/images/img-09.jpg]
[www.cubroid.com/ko/assets/images/img-08.jpg]
[clayfingers.000webhostapp.com/SHARE WITH FRIENDS_black.svg]
[www.cubroid.com/ko/assets/images/img-05.jpg]
[www.cubroid.com/ko/assets/images/img-09.png]
[cubroid.com/ko/assets/apple-touch-icon.af.delayed]
[cubroid.com/ko/assets/favicon.ico]
[cubroid.com/ko/main.a3f694c0.css]
[fonts.googleapis.com/css16e1.css]
[cubroid.com/ko/index-2.html]
[cubroid.com/ko/about.html]
[cubroid.com/ko/contact.html]
[cubroid.com/ko/download.html]
[cubroid.com/ko/assets/images/img-main4.jpg]
[cubroid.com/ko/assets/images/icon1.png]
[cubroid.com/ko/assets/images/icon2.png]
[cubroid.com/ko/assets/images/icon3.png]
[cubroid.com/ko/assets/images/master_block.png]
[cubroid.com/ko/assets/images/dc_motor_block.png]
[cubroid.com/ko/assets/images/sound_block.png]
[cubroid.com/ko/assets/images/led_block.png]
[cubroid.com/ko/assets/images/proximity_sensor_block.png]
[cubroid.com/ko/assets/images/light_block.png]
[cubroid.com/ko/assets/images/touch_block.png]
[cubroid.com/ko/main.41beeca9.js]
[wcs.naver.net/wcslog.js]
[cubroid.com/ko/index.html]
[www.imagoapp.co.kr/img/00_Header.jpg]
[www.imagoapp.co.kr/img/01_PhotoSharing.jpg]
[www.imagoapp.co.kr/img/02_LunchMenu.jpg]
[www.imagoapp.co.kr/img/03_LessonPlans.jpg]
[www.imagoapp.co.kr/img/04_RecordKeeping.jpg]
[www.imagoapp.co.kr/imago_daycare.html]
[www.imagoapp.co.kr/img/00_Banner.jpg]
[www.imagoapp.co.kr/img/01_DailyReport.jpg]
[www.imagoapp.co.kr/img/03_RecieveUpdates.jpg]
[www.imagoapp.co.kr/img/04_SendRequests.jpg]
[www.imagoapp.co.kr/img/05_ShareWFamily.jpg]
[www.imagoapp.co.kr/imago_parent.html]
[www.imagoapp.co.kr/img/03_Communication.jpg]
[www.imagoapp.co.kr/img/01_EasyToScaleNUse.jpg]
[www.imagoapp.co.kr/img/02_RecordKeeping.jpg]
[www.imagoapp.co.kr/img/04_ReportCard.jpg]
[www.imagoapp.co.kr/imago_academy.html]
[www.imagoapp.co.kr/manifest.json]
[www.imagoapp.co.kr/favicon/favicon.ico]
[www.imagoapp.co.kr/favicon/apple-icon-57x57.png]
[www.imagoapp.co.kr/favicon/apple-icon-60x60.png]
[www.imagoapp.co.kr/favicon/apple-icon-72x72.png]
[www.imagoapp.co.kr/favicon/apple-icon-76x76.png]
[www.imagoapp.co.kr/favicon/apple-icon-114x114.png]
[www.imagoapp.co.kr/favicon/apple-icon-120x120.png]
[www.imagoapp.co.kr/favicon/apple-icon-144x144.png]
[www.imagoapp.co.kr/favicon/apple-icon-152x152.png]
[www.imagoapp.co.kr/favicon/apple-icon-180x180.png]
[www.imagoapp.co.kr/favicon/android-icon-192x192.png]
[www.imagoapp.co.kr/favicon/favicon-32x32.png]
[www.imagoapp.co.kr/favicon/favicon-96x96.png]
[www.imagoapp.co.kr/favicon/favicon-16x16.png]
[www.imagoapp.co.kr/static/js/vendor.18833652.js]
[www.imagoapp.co.kr/client/user/login.html]
[www.imagoapp.co.kr/static/js/app.cf5bb17b.js]
[fonts.googleapis.com/cssa1a9.css]
[fonts.googleapis.com/css30e8.css]
[fonts.googleapis.com/css0217.css]
[fonts.googleapis.com/css5be3.css]
[www.clay-fingers.com/uploads/1/1/3/5/113569667/untitled1_18_orig.gif]
[www.clay-fingers.com/uploads/1/1/3/5/113569667/ss_9_orig.gif]
[www.clay-fingers.com/uploads/1/1/3/5/113569667/ddd_orig.gif]
[www.clay-fingers.com/about-us.html]
[marketplace.editmysite.com/elements/569198776394566218-1.0.1/assets/up-arrow.png]
[www.clay-fingers.com/contact.html]
[www.clay-fingers.com/uploads/1/1/3/5/113569667/1.jpg]
[cdn2.editmysite.com/css/old/slideshow/slideshow794b.css]
[cdn2.editmysite.com/js/old/slideshow-jq8c31.js]
[www.clay-fingers.com/files/theme/plugins.js]
[www.clay-fingers.com/files/theme/custom.js]
[www.clay-fingers.com/news.html]
[www.clay-fingers.com/_/uploads/1/1/3/5/113569667/background-images/1036468683.html]
[www.clay-fingers.com/_/uploads/1/1/3/5/113569667/background-images/474443531.html]
[www.clay-fingers.com/_/uploads/1/1/3/5/113569667/background-images/1889265644.html]
[www.clay-fingers.com/_/uploads/1/1/3/5/113569667/background-images/1108269347.html]
[www.clay-fingers.com/_/uploads/1/1/3/5/113569667/background-images/2120259666.html]
[www.clay-fingers.com/_/uploads/1/1/3/5/113569667/background-images/400502671.html]
[www.clay-fingers.com/_/uploads/1/1/3/5/113569667/background-images/1564483067.html]
[www.cubroid.com/index.html]
[fonts.googleapis.com/css16e1.css]
[cubroid.com/ko/index-2.html]
[cubroid.com/ko/assets/images/img-07.png]
[cubroid.com/ko/assets/images/img-03.jpg]
[cubroid.com/ko/assets/images/img-02.jpg]
[cubroid.com/ko/about.html]
[cubroid.com/ko/contact.html]
[cubroid.com/ko/assets/images/img-coding.png]
[cubroid.com/ko/assets/images/img-go.png]
[cubroid.com/ko/assets/images/img-coding-ipad.png]
[cubroid.com/ko/download.html]
[www.imagoapp.co.kr/index-2.html]
[www.clay-fingers.com/_/uploads/1/1/3/5/113569667/background-images/418552458.html]
[www.clay-fingers.com/_/uploads/1/1/3/5/113569667/background-images/2048121596.html]
[www.clay-fingers.com/_/uploads/1/1/3/5/113569667/background-images/1595777784.html]
[cubroid.com/eng/images/logo.png]
[cubroid.com/eng/fonts/glyphicons-halflings-regular.eot]
[cubroid.com/eng/fonts/glyphicons-halflings-regulard41d.eot]
[cubroid.com/eng/fonts/glyphicons-halflings-regular.woff2]
[cubroid.com/eng/fonts/glyphicons-halflings-regular.woff]
[cubroid.com/eng/fonts/glyphicons-halflings-regular.ttf]
[cubroid.com/eng/css/bootstrap.min.css]
[cubroid.com/eng/images/feature_icon1.png]
[cubroid.com/eng/css/fonts/flexslider-icon.104.delayed]
[cubroid.com/eng/images/feature_icon2.png]
[cubroid.com/eng/css/fonts/flexslider-icon.105d41d.delayed]
[cubroid.com/eng/images/feature_icon3.png]
[cubroid.com/eng/images/feature_icon4.png]
[cubroid.com/eng/css/fonts/flexslider-icon.106.delayed]
[cubroid.com/eng/images/feature_icon5.png]
[cubroid.com/eng/css/fonts/flexslider-icon.ttf]
[cubroid.com/eng/images/work-1.jpg]
[cubroid.com/eng/images/feature_icon6.png]
[cubroid.com/eng/css/fonts/flexslider-icon.108.delayed]
[cubroid.com/eng/images/work-2.jpg]
[cubroid.com/eng/css/flexslider.css]
[cubroid.com/eng/images/work-3.jpg]
[cubroid.com/eng/images/work-4.jpg]
[cubroid.com/eng/images/fancybox_sprite.png]
[cubroid.com/eng/images/press_logo1.png]
[cubroid.com/eng/images/fancybox_loading.gif]
[cubroid.com/eng/images/press_logo2.png]
[cubroid.com/eng/images/press_logo3.png]
[cubroid.com/eng/images/blank.gif]
[cubroid.com/eng/images/fancybox_overlay.png]
[cubroid.com/eng/images/press_logo4.png]
[cubroid.com/eng/images/press_logo5.png]
[cubroid.com/eng/images/fancybox_sprite@2x.png]
[cubroid.com/eng/images/press_logo6.png]
[cubroid.com/eng/images/fancybox_loading@2x.gif]
[cubroid.com/eng/images/press_logo7.png]
[cubroid.com/eng/css/jquery.fancybox.css]
[cubroid.com/eng/lib/jqueryPlugin-waitMe/waitMe.min.css]
[cubroid.com/eng/images/press_logo8.png]
[cubroid.com/eng/images/press_logo9.png]
[cubroid.com/eng/images/banner.jpg]
[cubroid.com/eng/images/press_logo10.png]
[cubroid.com/eng/images/bg1.png]
[cubroid.com/eng/css/main.css]
[cubroid.com/eng/images/press_logo11.png]
[cubroid.com/eng/css/responsive.css]
[cubroid.com/eng/images/press_logo12.png]
[cubroid.com/eng/css/animate.min.css]
[cubroid.com/eng/images/press_logo13.png]
[maxcdn.bootstrapcdn.com/font-awesome/4.4.0/fonts/fontawesome-webfont93e3.svg]
[maxcdn.bootstrapcdn.com/font-awesome/4.4.0/css/font-awesome.min.css]
[cubroid.com/ko/index.html]
[cubroid.com/eng/images/press_logo14.png]
[cubroid.com/images/work-1.html]
[cubroid.com/eng/images/press_logo15.png]
[cubroid.com/images/work-2.html]
[cubroid.com/eng/images/press_logo16.png]
[cubroid.com/images/work-3.html]
[cubroid.com/eng/images/introducing.jpg]
[cubroid.com/images/work-4.html]
[cubroid.com/eng/images/lego-ani3.gif]
[cubroid.com/eng/images/master-block.jpg]
[cubroid.com/eng/images/master-block-m.jpg]
[cubroid.com/eng/images/dc-led-block.jpg]
[cubroid.com/eng/images/dc-led-block-m.jpg]
[cubroid.com/eng/images/light-touch-block.jpg]
[cubroid.com/eng/images/light-touch-block-m.jpg]
[cubroid.com/eng/images/sound-proximity-block.jpg]
[cubroid.com/eng/images/sound-proximity-block-m.jpg]
[cubroid.com/eng/images/block-spec.jpg]
[cubroid.com/eng/images/block-spec-m.jpg]
[cubroid.com/eng/images/team-1.jpg]
[cubroid.com/eng/images/team-2.jpg]
[cubroid.com/eng/images/team-3.jpg]
[cubroid.com/eng/images/team-4.jpg]
[cubroid.com/eng/images/team-5.jpg]
[cubroid.com/eng/images/team-6.jpg]
[cubroid.com/eng/images/team-7.jpg]
[cubroid.com/eng/images/team-8.jpg]
[cubroid.com/eng/images/email-popup-img.jpg]
[cubroid.com/eng/images/btn_close.png]
[cubroid.com/eng/js/jquery.min.js]
[cubroid.com/eng/js/bootstrap.min.js]
[cubroid.com/eng/js/jquery.flexslider-min.js]
[cubroid.com/eng/js/jquery.fancybox.pack.js]
[cubroid.com/eng/js/jquery.waypoints.min.js]
[cubroid.com/eng/lib/jqueryPlugin-waitMe/waitMe.min.js]
[cubroid.com/eng/js/retina.min.js]
[cubroid.com/eng/js/modernizr.js]
[www.imagoapp.co.kr/js/jquery.min.js]
[cubroid.com/eng/js/main.js]
[www.imagoapp.co.kr/js/bootstrap.min.js]
[www.google.com/recaptcha/api.js]
[pixel.quantserve.com/pixel/p-0dYLvhSGGqUWo3a32.gif]
[www.cubroid.com/ko/assets/images/cubroid_logo.png]
[www.cubroid.com/ko/assets/images/img-09.jpg]
[www.cubroid.com/ko/assets/images/img-08.jpg]
[www.cubroid.com/ko/assets/images/img-05.jpg]
[www.cubroid.com/ko/assets/images/img-09.png]
[cubroid.com/ko/assets/images/img-main4.jpg]
[cubroid.com/ko/assets/images/icon1.png]
[cubroid.com/ko/assets/images/icon2.png]
[cubroid.com/ko/assets/images/icon3.png]
[cubroid.com/ko/assets/images/master_block.png]
[cubroid.com/ko/assets/images/dc_motor_block.png]
[cubroid.com/ko/assets/images/sound_block.png]
[cubroid.com/ko/assets/images/led_block.png]
[cubroid.com/ko/assets/images/proximity_sensor_block.png]
[cubroid.com/ko/assets/images/light_block.png]
[cubroid.com/ko/assets/images/touch_block.png]
[cubroid.com/ko/main.41beeca9.js]
[wcs.naver.net/wcslog.js]
[www.imagoapp.co.kr/img/00_Header.jpg]
[www.imagoapp.co.kr/img/01_PhotoSharing.jpg]
[www.imagoapp.co.kr/img/02_LunchMenu.jpg]
[www.imagoapp.co.kr/img/03_LessonPlans.jpg]
[www.imagoapp.co.kr/img/04_RecordKeeping.jpg]
[www.imagoapp.co.kr/img/00_Banner.jpg]
[www.imagoapp.co.kr/img/01_DailyReport.jpg]
[www.imagoapp.co.kr/img/03_RecieveUpdates.jpg]
[www.imagoapp.co.kr/img/04_SendRequests.jpg]
[www.imagoapp.co.kr/img/05_ShareWFamily.jpg]
[www.imagoapp.co.kr/img/03_Communication.jpg]
[www.imagoapp.co.kr/img/01_EasyToScaleNUse.jpg]
[www.imagoapp.co.kr/img/02_RecordKeeping.jpg]
[www.imagoapp.co.kr/img/04_ReportCard.jpg]
[www.imagoapp.co.kr/manifest.json]
[www.imagoapp.co.kr/favicon/favicon.ico]
[www.imagoapp.co.kr/favicon/apple-icon-57x57.png]
[www.imagoapp.co.kr/favicon/apple-icon-60x60.png]
[www.imagoapp.co.kr/favicon/apple-icon-72x72.png]
[www.imagoapp.co.kr/favicon/apple-icon-76x76.png]
[www.imagoapp.co.kr/favicon/apple-icon-114x114.png]
[www.imagoapp.co.kr/favicon/apple-icon-120x120.png]
[www.imagoapp.co.kr/favicon/apple-icon-144x144.png]
[www.imagoapp.co.kr/favicon/apple-icon-152x152.png]
[www.imagoapp.co.kr/favicon/apple-icon-180x180.png]
[www.imagoapp.co.kr/favicon/android-icon-192x192.png]
[www.imagoapp.co.kr/favicon/favicon-32x32.png]
[www.imagoapp.co.kr/favicon/favicon-96x96.png]
[www.imagoapp.co.kr/favicon/favicon-16x16.png]
[www.imagoapp.co.kr/static/js/vendor.18833652.js]
[www.imagoapp.co.kr/static/js/app.cf5bb17b.js]
[marketplace.editmysite.com/elements/569198776394566218-1.0.1/assets/up-arrow.png]
[cubroid.com/ko/assets/images/img-07.png]
[cubroid.com/ko/assets/images/img-03.jpg]
[cubroid.com/ko/assets/images/img-02.jpg]
[cubroid.com/ko/assets/images/img-coding.png]
[cubroid.com/ko/assets/images/img-go.png]
[cubroid.com/ko/assets/images/img-coding-ipad.png]
[cubroid.com/eng/fonts/glyphicons-halflings-regular.eot]
[cubroid.com/eng/fonts/glyphicons-halflings-regulard41d.eot]
[cubroid.com/eng/fonts/glyphicons-halflings-regular.woff2]
[cubroid.com/eng/fonts/glyphicons-halflings-regular.woff]
[cubroid.com/eng/fonts/glyphicons-halflings-regular.ttf]
[cubroid.com/eng/images/fancybox_loading.gif]
[cubroid.com/eng/images/blank.gif]
[cubroid.com/eng/images/fancybox_overlay.png]
[cubroid.com/eng/images/fancybox_sprite@2x.png]
[cubroid.com/eng/images/fancybox_loading@2x.gif]
[cubroid.com/eng/images/banner.jpg]
[cubroid.com/eng/images/bg1.png]
[www.imagoapp.co.kr/css/bootstrap.min.css]
[www.imagoapp.co.kr/css/main.css]
[www.imagoapp.co.kr/img/imagologo.svg]
[www.imagoapp.co.kr/img/taskheadblue.svg]
[www.imagoapp.co.kr/img/gearlight.svg]
[www.imagoapp.co.kr/img/piggybank.svg]
[www.imagoapp.co.kr/img/translateletters.svg]
[www.imagoapp.co.kr/img/timeclock.svg]
[clayfingers.000webhostapp.com/shapeit_logo.svg]
[clayfingers.000webhostapp.com/Quotes.svg]
[cdn2.editmysite.com/images/util/videojs/white-bar.png]
[cdn2.editmysite.com/images/util/videojs/@2x/white-bar.png]
[cdn2.editmysite.com/images/util/videojs/gradient.png]
[cdn2.editmysite.com/images/util/videojs/@2x/gradient.png]
[cdn2.editmysite.com/sprites/util/videojs-sacae758aa2.png]
[cdn2.editmysite.com/sprites/util/videojs/@2x-s2aff7e7d9a.png]
[cdn2.editmysite.com/images/util/videojs/white-bar.png]
[cdn2.editmysite.com/images/util/videojs/volume-filled.11e.delayed]
[cdn2.editmysite.com/images/util/videojs/@2x/white-bar.png]
[cdn2.editmysite.com/images/util/videojs/gradient.png]
[cdn2.editmysite.com/images/util/videojs/@2x/volume-filled.png]
[cdn2.editmysite.com/images/util/videojs/volume-mute.png]
[cdn2.editmysite.com/images/util/videojs/@2x/volume-mute.png]
[cdn2.editmysite.com/images/util/videojs/blue-bar.png]
[cdn2.editmysite.com/images/util/videojs/@2x/blue-bar.png]
[cdn2.editmysite.com/images/util/videojs/maximize-icon.png]
[cdn2.editmysite.com/images/util/videojs/@2x/maximize-icon.png]
[cdn2.editmysite.com/images/util/videojs/minimize-icon.png]
[cdn2.editmysite.com/images/util/videojs/@2x/minimize-icon.png]
[cdn2.editmysite.com/images/util/videojs/play-icon.png]
[cdn2.editmysite.com/images/util/videojs/@2x/play-icon.png]
[cdn2.editmysite.com/images/util/videojs/sad-face.png]
[cdn2.editmysite.com/images/util/videojs/@2x/sad-face.png]
[cdn2.editmysite.com/images/util/videojs/loading-icon.png]
[cdn2.editmysite.com/images/util/videojs/@2x/gradient.png]
[cdn2.editmysite.com/images/util/videojs/@2x/loading-icon.png]
[cdn2.editmysite.com/images/common/buttons/small_grey.png]
[cdn2.editmysite.com/sprites/util/videojs-sacae758aa2.png]
[cdn2.editmysite.com/images/common/buttons/small_blue.png]
[cdn2.editmysite.com/images/old/button/large_grey.png]
[cdn2.editmysite.com/images/common/buttons/large_blue.png]
[cdn2.editmysite.com/images/common/search-light.png]
[cdn2.editmysite.com/images/common/social_icons.png]
[cdn2.editmysite.com/sprites/util/videojs/@2x-s2aff7e7d9a.png]
[cdn2.editmysite.com/images/common/blog/blog-comment-button.png]
[cdn2.editmysite.com/images/util/videojs/@2x/volume-filled.png]
[cdn2.editmysite.com/images/util/videojs/volume-filled.png]
[cdn2.editmysite.com/images/common/blog/blog-comment-header.png]
[cdn2.editmysite.com/images/common/blog/blog-comment-pointer.png]
[cdn2.editmysite.com/images/common/blog/blog-comment-link.png]
[cdn2.editmysite.com/images/common/blog/blog-comment-header-author.png]
[cdn2.editmysite.com/images/common/blog/blog-comment-pointer-author.png]
[cdn2.editmysite.com/images/common/blog/blog-comment-field-bg.png]
[cdn2.editmysite.com/images/util/videojs/volume-mute.png]
[cdn2.editmysite.com/images/common/blog/dark-blog-comment-header.png]
[cdn2.editmysite.com/images/common/blog/dark-blog-comment-pointer.png]
[cdn2.editmysite.com/images/common/blog/dark-blog-comment-header-author.png]
[cdn2.editmysite.com/images/common/blog/dark-blog-comment-pointer-author.png]
[cdn2.editmysite.com/images/common/blog/dark-blog-comment-link.png]
[cdn2.editmysite.com/images/util/general/blank.gif]
[cdn2.editmysite.com/images/common/lightbox/prevlabel.gif]
[cdn2.editmysite.com/images/common/lightbox/nextlabel.gif]
[cdn2.editmysite.com/sprites/util/inputs/checkmarkBox-s7868418152.png]
[cdn2.editmysite.com/sprites/util/inputs/checkmarkBox/@2x-s211a47d318.png]
[cdn2.editmysite.com/images/util/inputs/search-input-bg.jpg]
[cdn2.editmysite.com/images/common/magnifying-glass.png]
[cdn2.editmysite.com/images/common/checkmarks/checkmark-mini.png]
[cdn2.editmysite.com/images/common/checkmarks/@2x/checkmark-mini.png]
[cdn2.editmysite.com/images/common/search-pagination-bg.png]
[cdn2.editmysite.com/images/util/general/top-triangle-000.png]
[cdn2.editmysite.com/images/util/general/bottom-triangle-000.png]
[cdn2.editmysite.com/images/util/general/top-triangle-000@2x.png]
[cdn2.editmysite.com/images/util/videojs/@2x/volume-mute.png]
[cdn2.editmysite.com/images/util/general/bottom-triangle-000@2x.png]
[cdn2.editmysite.com/sprites/common/social-icons-s5ea5500bdb.png]
[cdn2.editmysite.com/sprites/common/social-icons/@2x-s0ae7d70c70.png]
[cdn2.editmysite.com/sprites/site/mini-cart-s86c48effae.png]
[cdn2.editmysite.com/sprites/site/mini-cart/@2x-s576cbc3f90.png]
[cdn2.editmysite.com/images/loading.gif]
[cdn2.editmysite.com/sprites/site/mobile/commerce-sdf6d4e852c.png]
[cdn2.editmysite.com/sprites/site/mobile/commerce/@2x-s82f968c453.png]
[cdn2.editmysite.com/images/site/checkout/paypal.png]
[cdn2.editmysite.com/images/site/checkout/@2x/paypal.png]
[cdn2.editmysite.com/images/site/checkout/credit-cards.png]
[cdn2.editmysite.com/images/site/checkout/@2x/credit-cards.png]
[cdn2.editmysite.com/images/site/checkout/print.png]
[cdn2.editmysite.com/images/util/videojs/blue-bar.png]
[cdn2.editmysite.com/images/site/checkout/print@2x.png]
[cdn2.editmysite.com/images/vendor/select2/select2.png]
[cdn2.editmysite.com/images/vendor/select2/select2-spinner.gif]
[cdn2.editmysite.com/images/vendor/select2/select2x2.png]
[cdn2.editmysite.com/images/util/spinner/spinner-dark.png]
[cdn2.editmysite.com/images/util/spinner/spinner-light.png]
[cdn2.editmysite.com/images/util/loading-white-w24.gif]
[cdn2.editmysite.com/images/common/form_input_bg.gif]
[cdn2.editmysite.com/sprites/site/forms-s3786257308.png]
[cdn2.editmysite.com/sprites/site/forms/@2x-s47607b315a.png]
[cdn2.editmysite.com/images/blank.gif]
[cdn2.editmysite.com/images/util/videojs/@2x/blue-bar.png]
[cdn2.editmysite.com/sprites/site/footer-s48158ed9f7.png]
[cdn2.editmysite.com/sprites/site/footer/@2x-s398696b4d5.png]
[cdn2.editmysite.com/images/util/videojs/maximize-icon.png]
[cdn2.editmysite.com/images/util/videojs/@2x/maximize-icon.png]
[cdn2.editmysite.com/images/util/videojs/minimize-icon.png]
[cdn2.editmysite.com/images/old/photoswipe/loader.gif]
[cdn2.editmysite.com/images/old/photoswipe/error.gif]
[cdn2.editmysite.com/images/old/photoswipe/icons.png]
[cdn2.editmysite.com/css/sites8c31.css]
[cdn2.editmysite.com/images/old/photoswipe/icons@2x.png]
[cdn2.editmysite.com/images/util/videojs/@2x/minimize-icon.png]
[cdn2.editmysite.com/images/old/fancybox/fancybox_sprite.png]
[cdn2.editmysite.com/images/old/fancybox/fancybox_loading.gif]
[cdn2.editmysite.com/images/old/fancybox/blank.gif]
[cdn2.editmysite.com/css/old/fancybox794b.css]
[cdn2.editmysite.com/images/old/fancybox/fancybox_overlay.png]
[cdn2.editmysite.com/css/social-iconsfe58.css]
[cdn2.editmysite.com/images/util/videojs/@2x/play-icon.png]
[cdn2.editmysite.com/images/util/videojs/play-icon.png]
[www.clay-fingers.com/files/theme/images/light-search.16f264b.delayed]
[cdn2.editmysite.com/images/util/videojs/sad-face.png]
[cdn2.editmysite.com/images/util/videojs/@2x/sad-face.png]
[www.clay-fingers.com/files/theme/images/light-cart-2264b.png]
[cdn2.editmysite.com/images/util/videojs/@2x/loading-icon.png]
[cdn2.editmysite.com/images/util/videojs/loading-icon.png]
[www.clay-fingers.com/files/theme/images/light-cart264b.png]
[cdn2.editmysite.com/images/common/buttons/small_grey.png]
[www.clay-fingers.com/files/theme/images/bg-light264b.jpg]
[cdn2.editmysite.com/images/common/buttons/small_blue.png]
[cdn2.editmysite.com/images/old/button/large_grey.png]
[www.clay-fingers.com/files/theme/images/product-expand264b.png]
[cdn2.editmysite.com/images/common/buttons/large_blue.png]
[cdn2.editmysite.com/images/common/search-light.png]
[www.clay-fingers.com/files/theme/images/light-share264b.png]
[cdn2.editmysite.com/images/common/social_icons.png]
[cdn2.editmysite.com/images/common/blog/blog-comment-header.png]
[cdn2.editmysite.com/images/common/blog/blog-comment-pointer.png]
[www.clay-fingers.com/files/theme/images/dropdown264b.png]
[www.clay-fingers.com/files/main_style264b.css]
[cdn2.editmysite.com/images/common/blog/blog-comment-link.png]
[cdn2.editmysite.com/js/lang/en/stl4520.js]
[cdn2.editmysite.com/images/common/blog/blog-comment-header-author.png]
[cdn2.editmysite.com/images/common/blog/blog-comment-field-bg.png]
[cdn2.editmysite.com/images/common/blog/blog-comment-pointer-author.png]
[cdn2.editmysite.com/images/common/blog/dark-blog-comment-header.png]
[cdn2.editmysite.com/images/common/blog/dark-blog-comment-pointer.png]
[cdn2.editmysite.com/images/common/blog/dark-blog-comment-pointer-author.png]
[cdn2.editmysite.com/images/common/blog/dark-blog-comment-header-author.png]
[cdn2.editmysite.com/images/common/blog/dark-blog-comment-link.png]
[cdn2.editmysite.com/images/util/general/blank.gif]
[cdn2.editmysite.com/images/common/lightbox/prevlabel.gif]
[cdn2.editmysite.com/images/common/lightbox/nextlabel.gif]
[cdn2.editmysite.com/sprites/util/inputs/checkmarkBox-s7868418152.png]
[cdn2.editmysite.com/sprites/util/inputs/checkmarkBox/@2x-s211a47d318.png]
[cdn2.editmysite.com/images/util/inputs/search-input-bg.jpg]
[cdn2.editmysite.com/images/common/magnifying-glass.png]
[cdn2.editmysite.com/images/common/checkmarks/checkmark-mini.png]
[cdn2.editmysite.com/images/common/checkmarks/@2x/checkmark-mini.png]
[cdn2.editmysite.com/images/common/search-pagination-bg.png]
[cdn2.editmysite.com/images/util/general/top-triangle-000.png]
[cdn2.editmysite.com/images/util/general/bottom-triangle-000.png]
[www.google-analytics.com/__utmcb31.gif]
[cdn2.editmysite.com/images/util/general/top-triangle-000@2x.png]
[cdn2.editmysite.com/images/util/general/bottom-triangle-000@2x.png]
[cdn2.editmysite.com/sprites/common/social-icons-s5ea5500bdb.png]
[cdn2.editmysite.com/sprites/common/social-icons/@2x-s0ae7d70c70.png]
[cdn2.editmysite.com/sprites/site/mini-cart-s86c48effae.png]
[cdn2.editmysite.com/sprites/site/mini-cart/@2x-s576cbc3f90.png]
[cdn2.editmysite.com/images/loading.gif]
[cdn2.editmysite.com/sprites/site/mobile/commerce-sdf6d4e852c.png]
[cdn2.editmysite.com/sprites/site/mobile/commerce/@2x-s82f968c453.png]
[cdn2.editmysite.com/images/site/checkout/paypal.png]
[cdn2.editmysite.com/images/site/checkout/@2x/paypal.png]
[cdn2.editmysite.com/images/site/checkout/credit-cards.png]
[cdn2.editmysite.com/images/site/checkout/@2x/credit-cards.png]
[cdn2.editmysite.com/images/site/checkout/print.png]
[cdn2.editmysite.com/images/site/checkout/print@2x.png]
[cdn2.editmysite.com/js/site/main8c31.js]
[cdn2.editmysite.com/images/vendor/select2/select2-spinner.gif]
[cdn2.editmysite.com/images/vendor/select2/select2.png]
[cdn2.editmysite.com/js/site/theme-plugins8c31.js]
[cdn2.editmysite.com/images/vendor/select2/select2x2.png]
[cdn2.editmysite.com/images/util/spinner/spinner-dark.png]
[cdn2.editmysite.com/images/util/spinner/spinner-light.png]
[cdn2.editmysite.com/images/util/loading-white-w24.gif]
[cdn2.editmysite.com/images/common/form_input_bg.gif]
[cdn2.editmysite.com/sprites/site/forms-s3786257308.png]
[cdn2.editmysite.com/sprites/site/forms/@2x-s47607b315a.png]
[cdn2.editmysite.com/sprites/site/footer-s48158ed9f7.png]
[cdn2.editmysite.com/images/old/photoswipe/loader.gif]
[cdn2.editmysite.com/images/old/photoswipe/error.gif]
[www.clay-fingers.com/about-us.html]
[cdn2.editmysite.com/images/old/photoswipe/icons.png]
[cdn2.editmysite.com/images/old/photoswipe/icons@2x.png]
[cdn2.editmysite.com/images/old/fancybox/fancybox_sprite.png]
[www.clay-fingers.com/_/uploads/1/1/3/5/113569667/background-images/1108269347.html]
[clayfingers.000webhostapp.com/EASY MAKING_black.svg]
[cdn2.editmysite.com/images/old/fancybox/fancybox_loading.gif]
[clayfingers.000webhostapp.com/STORYTELLING_black.svg]
[cdn2.editmysite.com/images/old/fancybox/blank.gif]
[clayfingers.000webhostapp.com/claytoon.svg]
[cdn2.editmysite.com/images/old/fancybox/fancybox_overlay.png]
[clayfingers.000webhostapp.com/claymation.svg]
[clayfingers.000webhostapp.com/SHARE WITH FRIENDS_black.svg]
[www.clay-fingers.com/_/uploads/1/1/3/5/113569667/background-images/400502671.html]
[www.clay-fingers.com/_/uploads/1/1/3/5/113569667/background-images/1564483067.html]
[clayfingers.000webhostapp.com/google-play-badge.svg]
[clayfingers.000webhostapp.com/Appstore -badge.svg]
[cdn2.editmysite.com/js/wsnbn/snowday262.js]
[secure.quantserve.com/quant.js]
[cubroid.com/ko/assets/apple-touch-icon.html]
[cubroid.com/ko/assets/favicon.html]
[cubroid.com/ko/main.a3f694c0.css]
[www.imagoapp.co.kr/index-2.html]
[www.imagoapp.co.kr/img/envelope.svg]
[www.imagoapp.co.kr/img/graphsheet.svg]
[www.imagoapp.co.kr/img/clipboard.svg]
[www.imagoapp.co.kr/img/chart.svg]
[www.imagoapp.co.kr/img/taskheadorange.svg]
[maxcdn.bootstrapcdn.com/font-awesome/4.7.0/css/font-awesome.min.css]
[www.imagoapp.co.kr/static/css/app.b305ba19.css]
[www.clay-fingers.com/_/uploads/1/1/3/5/113569667/background-images/418552458.html]
[www.clay-fingers.com/_/uploads/1/1/3/5/113569667/background-images/2048121596.html]
[fonts.googleapis.com/earlyaccess/nanumpenscript.css]
[cdn2.editmysite.com/images/old/slideshow/control_icons.gif]
[cdn2.editmysite.com/images/old/slideshow/header_slideshow_sprites.png]
[cdn2.editmysite.com/images/old/slideshow/control_icons.gif]
[cdn2.editmysite.com/images/old/loading.gif]
[cdn2.editmysite.com/css/old/slideshow/slideshow794b.css]
[cdn2.editmysite.com/images/old/slideshow/header_slideshow_sprites1x.png]
[cdn2.editmysite.com/js/old/slideshow-jq8c31.js]
[cubroid.com/ko/assets/images/app-store-apple.svg]
[cubroid.com/ko/assets/images/google-play.svg]
[cubroid.com/eng/fonts/glyphicons-halflings-regular.svg]
[cubroid.com/eng/css/fonts/flexslider-icon.html]
[cubroid.com/eng/css/fonts/flexslider-icond41d.html]
[cubroid.com/eng/css/fonts/flexslider-icon-2.html]
[cubroid.com/eng/css/fonts/flexslider-icon-3.html]
[cubroid.com/eng/css/fonts/flexslider-icon-4.html]
[maxcdn.bootstrapcdn.com/font-awesome/4.4.0/fonts/fontawesome-webfont93e3.svg]
[www.imagoapp.co.kr/fonts/glyphicons-halflings-regular.html]
[www.imagoapp.co.kr/fonts/glyphicons-halflings-regulard41d.html]
[www.imagoapp.co.kr/fonts/glyphicons-halflings-regular-2.html]
[www.imagoapp.co.kr/fonts/glyphicons-halflings-regular-3.html]
[www.imagoapp.co.kr/fonts/glyphicons-halflings-regular-4.html]
[www.imagoapp.co.kr/fonts/glyphicons-halflings-regular-5.html]
[www.clay-fingers.com/Before you execute the binding your view must have a model or a collection.html]
[www.clay-fingers.com/mustache.html]
[www.clay-fingers.com/GET.html]
[www.clay-fingers.com/formSubmit.html]
[www.clay-fingers.com/formSubmitAjax.html]
[www.clay-fingers.com/weebly/libraries/videojs/video-js.html]
[www.clay-fingers.com/AppleWebKit/index.html]
[www.clay-fingers.com/Mobile/index.html]
[www.clay-fingers.com/ABCDEFGHIJKLMNOPQRSTUVWXYZabcdefghijklmnopqrstuvwxyz0123456789+/index.html]
[www.clay-fingers.com/payload.html]
[www.clay-fingers.com/POST.html]
[cdn2.editmysite.com/images/old/slideshow/header_slideshow_sprites.png]
[cdn2.editmysite.com/images/old/loading.gif]
[cdn2.editmysite.com/images/old/slideshow/header_slideshow_sprites1x.png]
[maxcdn.bootstrapcdn.com/font-awesome/4.7.0/css/font-awesome.min.css]
[fonts.googleapis.com/earlyaccess/nanumpenscript.css]
[maxcdn.bootstrapcdn.com/font-awesome/4.7.0/fonts/fontawesome-webfont3e6e.svg]
[maxcdn.bootstrapcdn.com/font-awesome/4.7.0/fonts/fontawesome-webfont3e6e.svg]
